d:\gtahub-addons\hub-core\release\vc142.pdb
d:\gtahub-addons\hub-core\release\network.obj
d:\gtahub-addons\hub-core\release\nametag.obj
d:\gtahub-addons\hub-core\release\d3dhook.obj
d:\gtahub-addons\hub-core\release\logger.obj
d:\gtahub-addons\hub-core\release\hookmanager.obj
d:\gtahub-addons\hub-core\release\customchatinput.obj
d:\gtahub-addons\hub-core\release\customchat.obj
d:\gtahub-addons\hub-core\release\chattextrenderer.obj
d:\gtahub-addons\hub-core\release\chatsettings.obj
d:\gtahub-addons\hub-core\release\dllmain.obj
d:\gtahub-addons\hub-core\release\settingspanel.obj
d:\gtahub-addons\hub-core\release\hub-core.pch
d:\gtahub-addons\hub-core\release\pch.obj
d:\gtahub-addons\hub-core\release\chatmanager.obj
d:\gtahub-addons\hub-core\release\trampoline.obj
d:\gtahub-addons\hub-core\release\hook.obj
d:\gtahub-addons\hub-core\release\hde32.obj
d:\gtahub-addons\hub-core\release\buffer.obj
d:\gtahub-addons\hub-core\release\hub-core.ipdb
d:\gtahub-addons\hub-core\release\hub-core.iobj
d:\gtahub-addons\release\hub-core.asi
d:\gtahub-addons\release\hub-core.map
d:\gtahub-addons\hub-core\release\hub-core.tlog\cl.command.1.tlog
d:\gtahub-addons\hub-core\release\hub-core.tlog\cl.read.1.tlog
d:\gtahub-addons\hub-core\release\hub-core.tlog\cl.write.1.tlog
d:\gtahub-addons\hub-core\release\hub-core.tlog\hub-core.write.1u.tlog
d:\gtahub-addons\hub-core\release\hub-core.tlog\link.command.1.tlog
d:\gtahub-addons\hub-core\release\hub-core.tlog\link.read.1.tlog
d:\gtahub-addons\hub-core\release\hub-core.tlog\link.write.1.tlog
