c:\users\phatzan\desktop\hub-core\hub-core\debug\hub-core.pch
c:\users\phatzan\desktop\hub-core\hub-core\debug\vc143.pdb
c:\users\phatzan\desktop\hub-core\hub-core\debug\vc143.idb
c:\users\phatzan\desktop\hub-core\hub-core\debug\pch.obj
c:\users\phatzan\desktop\hub-core\hub-core\debug\dllmain.obj
d:\gtahub-addons\hub-core\debug\hub-core.pch
d:\gtahub-addons\hub-core\debug\vc142.pdb
d:\gtahub-addons\hub-core\debug\vc142.idb
d:\gtahub-addons\hub-core\debug\pch.obj
c:\users\phatzan\desktop\hub-core\debug\hub-core.dll
c:\users\phatzan\desktop\hub-core\debug\hub-core.pdb
d:\gtahub-addons\hub-core\debug\d3dhook.obj
d:\gtahub-addons\hub-core\debug\dllmain.obj
d:\gtahub-addons\hub-core\debug\vc143.idb
d:\gtahub-addons\hub-core\debug\vc143.pdb
d:\gtahub-addons\debug\hub-core.pdb
d:\gtahub-addons\hub-core\debug\hub-core.tlog\cl.command.1.tlog
d:\gtahub-addons\hub-core\debug\hub-core.tlog\cl.items.tlog
d:\gtahub-addons\hub-core\debug\hub-core.tlog\cl.read.1.tlog
d:\gtahub-addons\hub-core\debug\hub-core.tlog\cl.write.1.tlog
d:\gtahub-addons\hub-core\debug\hub-core.tlog\link-cvtres.read.1.tlog
d:\gtahub-addons\hub-core\debug\hub-core.tlog\link-cvtres.write.1.tlog
d:\gtahub-addons\hub-core\debug\hub-core.tlog\link-rc.read.1.tlog
d:\gtahub-addons\hub-core\debug\hub-core.tlog\link-rc.write.1.tlog
d:\gtahub-addons\hub-core\debug\hub-core.tlog\link.command.1.tlog
d:\gtahub-addons\hub-core\debug\hub-core.tlog\link.read.1.tlog
d:\gtahub-addons\hub-core\debug\hub-core.tlog\link.secondary.1.tlog
d:\gtahub-addons\hub-core\debug\hub-core.tlog\link.write.1.tlog
